[team55.local/index.html]
[backblue.gif]
[fade.gif]
[index.html]
[team55.local/xmlrpc0db0.php]
[team55.local/wp-content/themes/twentytwentyfour/assets/fonts/inter/Inter-VariableFont_slnt,wght.woff2]
[team55.local/wp-content/themes/twentytwentyfour/assets/fonts/cardo/cardo_normal_400.2.delayed]
[team55.local/wp-content/themes/twentytwentyfour/assets/fonts/cardo/cardo_italic_400.woff2]
[team55.local/wp-json/index.html]
[team55.local/wp-content/uploads/2025/05/c440105c-fee7-4767-90f6-6c2bf6b7b341.png]
[team55.local/wp-content/uploads/2025/05/スクリーンショット-2025-05-17-145542-2.png]
[team55.local/wp-content/uploads/2025/05/スクリーンショット-2025-05-17-151701-11111.png]
[team55.local/wp-content/uploads/2025/05/スクリーンショット-2025-05-17-151736-2222.png]
[team55.local/wp-content/uploads/2025/05/スクリーンショット-2025-05-17-152025-4444.png]
[team55.local/wp-content/uploads/2025/05/スクリーンショット-2025-05-17-154223-1.png]
[team55.local/index.html]
[team55.local/feed/index.html]
[team55.local/comments/feed/index.html]
[team55.local/wp-content/themes/twentytwentyfour/assets/fonts/cardo/cardo_normal_700.woff2]
[team55.local/wp-content/uploads/2025/05/スクリーンショット-2025-05-17-152712-写真.png]
[team55.local/wp-content/uploads/2025/05/スクリーンショット-2025-05-17-151930-3333.png]
